ACCOUNT options:
Stripe Synder test (required for Synder)
Balance Reserve
Checking
Cost of Goods Sold
Inventory Asset
Inventory Shrinkage
Purchases
Stripe expenses
Stripe fees
Stripe Lending Liability
Stripe Other fees
Stripe sales

===== No integration

1. Set the date range
Monthly reconciliation is the most common approach.
2. Select integration
Choose the integration you want to reconcile. Reconciliation is done one integration at a time.
3. Choose import method
Select how to provide data: retrieve files automatically or upload them manually.
Date range
*
​
–
​
Accounting
Platform
Sandbox Company_US_1 (QuickBooks Online)
Import method
*
Automated
Synder will automatically retrieve the necessary files for you and will map the data according to these matching rules.
Integration
Integration
*
option No integration — reconcile a GL account, selected.
No integration — reconcile a GL account
Account to reconcile
*
Select...
  COMBO 0: ["Automated / Recommended / Synder automatically retrieves, maps, and matches the necessary files for you.","Manual / Upload your files and set up mapping rules yourself."] 2
  COMBO 1: ["mzkt.by (Stripe)","Synder test (Stripe)","No integration — reconcile a GL account"] 3
  COMBO 2: ["Accounts Payable (A/P)","Accounts Receivable (A/R)","Accounts Receivable (A/R) - AUD","Accounts Receivable (A/R) - CAD","Accounts Receivable (A/R) - EUR","Accounts Receivable (A/R) - MXN","Advertising","Alaska (created by Synder) Payable","Amazon (required for Synder)","Amazon fees","Amazon sales","Arizona Dept. of Revenue Payable","Automobile","Automobile:Fuel","Bad Debts","Balance Reserve","Bank Charges","Billable Expense Income","Board of Equalization Payable","Checking","Checking personal1","Colorado (created by Synder) Payable","Commissions & fees","Cost of Goods Sold","Customer Balance Liability","Deferred Revenue","Depreciation","Design income","Discounts given","Disposal Fees","Dues & Subscriptions","Equipment Rental","Excel (required for Synder)","Excel fees","Excel sales","Exchange Gain or Loss","Fees Billed","Insurance","Insurance:Workers Compensation","Interest Earned"] 174

===== empty submit

1. Set the date range
Monthly reconciliation is the most common approach.
2. Select integration
Choose the integration you want to reconcile. Reconciliation is done one integration at a time.
3. Choose import method
Select how to provide data: retrieve files automatically or upload them manually.
Date range
*
​
–
​
Accounting
Platform
Sandbox Company_US_1 (QuickBooks Online)
Import method
*
Automated
Synder will automatically retrieve the necessary files for you and will map the data according to these matching rules.
Integration
Integration
*
Select...
Required

non-GET app requests: none
