ACCOUNT MENU TEXT:
SYNDER ACCOUNTS (AUTOMATED DATA RETRIEVAL)
Stripe Synder test (required for Synder)
SYNDER ACCOUNTS (MANUAL FILE UPLOAD REQUIRED)
Balance Reserve
Checking
Cost of Goods Sold
Inventory Asset
Inventory Shrinkage
Purchases
Stripe expenses
Stripe fees
Stripe Lending Liability
Stripe Other fees
Stripe sales

===== Stripe Synder test (required for Synder) (combos 4)

1. Set the date range
Monthly reconciliation is the most common approach.
2. Select integration
Choose the integration you want to reconcile. Reconciliation is done one integration at a time.
3. Choose import method
Select how to provide data: retrieve files automatically or upload them manually.
Date range
*
​
–
​
Accounting
Platform
Sandbox Company_US_1 (QuickBooks Online)
Import method
*
Automated
Synder will automatically retrieve the necessary files for you and will map the data according to these matching rules.
Integration
Integration
*
Synder test (Stripe)
Timezone: Etc/UTC
Account to reconcile
*
option Stripe Synder test (required for Synder), selected.
Stripe Synder test (required for Synder)
Currency: USD
Import method
*
Automated
Automatic file retrieval can take some time — up to a few hours.
Synder will automatically retrieve the necessary files for you and will map the data according to these matching rules.
  COMBO 0 MENU: Automated | Recommended | Synder automatically retrieves, maps, and matches the necessary files for you. | Manual | Upload your files and set up mapping rules yourself.
  COMBO 1 MENU: mzkt.by (Stripe) | Synder test (Stripe) | No integration — reconcile a GL account
  COMBO 2 MENU: SYNDER ACCOUNTS (AUTOMATED DATA RETRIEVAL) | Stripe Synder test (required for Synder) | SYNDER ACCOUNTS (MANUAL FILE UPLOAD REQUIRED) | Balance Reserve | Checking | Cost of Goods Sold | Inventory Asset | Inventory Shrinkage | Purchases | Stripe expenses | Stripe fees | Stripe Lending Liability | Stripe Other fees | Stripe sales
  COMBO 3 MENU: Automated | Recommended | Synder automatically retrieves, maps, and matches the necessary files for you. | Assisted | Upload required files — Synder will handle mapping, normalization, and matching. | Manual | Upload your files and set up mapping rules yourself.

===== Stripe fees (combos 4)

1. Set the date range
Monthly reconciliation is the most common approach.
2. Select integration
Choose the integration you want to reconcile. Reconciliation is done one integration at a time.
3. Choose import method
Select how to provide data: retrieve files automatically or upload them manually.
Date range
*
​
–
​
Accounting
Platform
Sandbox Company_US_1 (QuickBooks Online)
Import method
*
Automated
Synder will automatically retrieve the necessary files for you and will map the data according to these matching rules.
Integration
Integration
*
Synder test (Stripe)
Timezone: Etc/UTC
Account to reconcile
*
option Stripe fees, selected.
Stripe fees
Currency: USD
Import method
*
Manual
Upload file
*
Browse or drag your file here
CSV or XLSX formats, up to 100MB
  COMBO 0 MENU: Automated | Recommended | Synder automatically retrieves, maps, and matches the necessary files for you. | Manual | Upload your files and set up mapping rules yourself.
  COMBO 1 MENU: mzkt.by (Stripe) | Synder test (Stripe) | No integration — reconcile a GL account
  COMBO 2 MENU: SYNDER ACCOUNTS (AUTOMATED DATA RETRIEVAL) | Stripe Synder test (required for Synder) | SYNDER ACCOUNTS (MANUAL FILE UPLOAD REQUIRED) | Balance Reserve | Checking | Cost of Goods Sold | Inventory Asset | Inventory Shrinkage | Purchases | Stripe expenses | Stripe fees | Stripe Lending Liability | Stripe Other fees | Stripe sales
  COMBO 3 MENU: Manual | Upload your files and set up mapping rules yourself.

===== Checking (combos 4)

1. Set the date range
Monthly reconciliation is the most common approach.
2. Select integration
Choose the integration you want to reconcile. Reconciliation is done one integration at a time.
3. Choose import method
Select how to provide data: retrieve files automatically or upload them manually.
Date range
*
​
–
​
Accounting
Platform
Sandbox Company_US_1 (QuickBooks Online)
Import method
*
Automated
Synder will automatically retrieve the necessary files for you and will map the data according to these matching rules.
Integration
Integration
*
Synder test (Stripe)
Timezone: Etc/UTC
Account to reconcile
*
option Checking, selected.
Checking
Currency: USD
Import method
*
Manual
Upload file
*
Browse or drag your file here
CSV or XLSX formats, up to 100MB
  COMBO 0 MENU: Automated | Recommended | Synder automatically retrieves, maps, and matches the necessary files for you. | Manual | Upload your files and set up mapping rules yourself.
  COMBO 1 MENU: mzkt.by (Stripe) | Synder test (Stripe) | No integration — reconcile a GL account
  COMBO 2 MENU: SYNDER ACCOUNTS (AUTOMATED DATA RETRIEVAL) | Stripe Synder test (required for Synder) | SYNDER ACCOUNTS (MANUAL FILE UPLOAD REQUIRED) | Balance Reserve | Checking | Cost of Goods Sold | Inventory Asset | Inventory Shrinkage | Purchases | Stripe expenses | Stripe fees | Stripe Lending Liability | Stripe Other fees | Stripe sales
  COMBO 3 MENU: Manual | Upload your files and set up mapping rules yourself.

===== switch integration after account

*
option mzkt.by (Stripe), selected.
mzkt.by (Stripe)
Timezone: Europe/Minsk
Account to reconcile
*
Select...

non-GET app requests: POST https://demo.synderapp.com/v1/mixpanel/send
POST https://demo.synderapp.com/v1/mixpanel/send
POST https://demo.synderapp.com/v1/mixpanel/send
POST https://demo.synderapp.com/v1/mixpanel/send
